// Jest Snapshot v1, https://goo.gl/fbAQLP

exports[`Search component it matches the snapshot 1`] = `
<div
  className="makeStyles-container-1"
>
  <div
    className="MuiFormControl-root MuiTextField-root makeStyles-inputRoot-3"
  >
    <div
      className="MuiInputBase-root MuiOutlinedInput-root MuiInputBase-formControl"
      onClick={[Function]}
    >
      <fieldset
        aria-hidden={true}
        className="PrivateNotchedOutline-root-41 MuiOutlinedInput-notchedOutline"
        style={
          Object {
            "paddingLeft": 8,
          }
        }
      >
        <legend
          className="PrivateNotchedOutline-legend-42"
          style={
            Object {
              "width": 0.01,
            }
          }
        >
          <span
            dangerouslySetInnerHTML={
              Object {
                "__html": "&#8203;",
              }
            }
          />
        </legend>
      </fieldset>
      <input
        aria-invalid={false}
        className="MuiInputBase-input MuiOutlinedInput-input"
        disabled={false}
        onBlur={[Function]}
        onChange={[Function]}
        onFocus={[Function]}
        placeholder="Type what are you looking forâ€¦"
        required={false}
        type="text"
        value=""
      />
    </div>
  </div>
</div>
`;
